Hello World
Lets Start the Git step by step
1. configuration
	PS C:\Users\Manjunath> git config --global user.name "Manjunath"
	PS C:\Users\Manjunath> git config --global user.email "manjunath.angadi4846@gmail.com"
	PS C:\Users\Manjunath> git config --global --list
	user.name=Manjunath
	user.email=manjunath.angadi4846@gmail.com
	PS C:\Users\Manjunath>

2. Git init to make our project as repository
	D:\MyFirstGitProject>git init
	Initialized empty Git repository in D:/MyFirstGitProject/.git/
	D:\MyFirstGitProject>git status
	On branch master
	No commits yet
	nothing to commit (create/copy files and use "git add" to track)
	
3. Create a new Repository with branch name other than master	
	D:\MyFirstGitProject>git init -b main
	Initialized empty Git repository in D:/MyFirstGitProject/.git/
	D:\MyFirstGitProject>git status       
	On branch main
	No commits yet
	nothing to commit (create/copy files and use "git add" to track)
	
4. How to add the files	
	D:\MyFirstGitProject>git status       
	On branch main
	No commits yet
	Untracked files:
	  (use "git add <file>..." to include in what will be committed)
			MyFirstCode.txt
	nothing added to commit but untracked files present (use "git add" to track)

	D:\MyFirstGitProject>git add MyFirstCode.txt
	D:\MyFirstGitProject>git status
	On branch main
	No commits yet
	Changes to be committed:
	  (use "git rm --cached <file>..." to unstage)
			new file:   MyFirstCode.txt
			
5. to check the commits use git log
	D:\MyFirstGitProject>git log
	fatal: your current branch 'main' does not have any commits yet

6. Commit
	D:\MyFirstGitProject>git commit -m "My first commit"
	[main (root-commit) b0ea06a] My first commit
	 1 file changed, 1 insertion(+)
	 create mode 100644 MyFirstCode.txt

	D:\MyFirstGitProject>git status
	On branch main
	nothing to commit, working tree clean
	
7. Working directory -> staging area -> commit
	when we do any changes to the code initially changes will be there in only working directory -> we to add it to staging area using git add <filename> -> git commit

8. If we want skip the staging and directly commit we can use below command
	git commit -a-m "message"